[2025-05-23T16:32:20.572+0800][gc] Using G1
[2025-05-23T16:32:20.586+0800][gc,init] Version: 17.0.15+0 (release)
[2025-05-23T16:32:20.586+0800][gc,init] CPUs: 8 total, 8 available
[2025-05-23T16:32:20.586+0800][gc,init] Memory: 3754M
[2025-05-23T16:32:20.586+0800][gc,init] Large Page Support: Disabled
[2025-05-23T16:32:20.586+0800][gc,init] NUMA Support: Disabled
[2025-05-23T16:32:20.586+0800][gc,init] Compressed Oops: Enabled (32-bit)
[2025-05-23T16:32:20.586+0800][gc,init] Heap Region Size: 1M
[2025-05-23T16:32:20.586+0800][gc,init] Heap Min Capacity: 1G
[2025-05-23T16:32:20.586+0800][gc,init] Heap Initial Capacity: 1G
[2025-05-23T16:32:20.586+0800][gc,init] Heap Max Capacity: 1G
[2025-05-23T16:32:20.586+0800][gc,init] Pre-touch: Disabled
[2025-05-23T16:32:20.586+0800][gc,init] Parallel Workers: 8
[2025-05-23T16:32:20.586+0800][gc,init] Concurrent Workers: 2
[2025-05-23T16:32:20.586+0800][gc,init] Concurrent Refinement Workers: 8
[2025-05-23T16:32:20.586+0800][gc,init] Periodic GC: Disabled
[2025-05-23T16:32:20.586+0800][gc,metaspace] CDS archive(s) not mapped
[2025-05-23T16:32:20.586+0800][gc,metaspace] Compressed class space mapped at: 0x0000000100000000-0x0000000140000000, reserved size: 1073741824
[2025-05-23T16:32:20.586+0800][gc,metaspace] Narrow klass base: 0x0000000000000000, Narrow klass shift: 3, Narrow klass range: 0x140000000
[2025-05-23T16:32:23.934+0800][gc,start    ] GC(0) Pause Young (Concurrent Start) (Metadata GC Threshold)
[2025-05-23T16:32:23.937+0800][gc,task     ] GC(0) Using 8 workers of 8 for evacuation
[2025-05-23T16:32:23.955+0800][gc,phases   ] GC(0)   Pre Evacuate Collection Set: 0.4ms
[2025-05-23T16:32:23.955+0800][gc,phases   ] GC(0)   Merge Heap Roots: 0.1ms
[2025-05-23T16:32:23.955+0800][gc,phases   ] GC(0)   Evacuate Collection Set: 15.1ms
[2025-05-23T16:32:23.955+0800][gc,phases   ] GC(0)   Post Evacuate Collection Set: 1.7ms
[2025-05-23T16:32:23.955+0800][gc,phases   ] GC(0)   Other: 3.9ms
[2025-05-23T16:32:23.955+0800][gc,heap     ] GC(0) Eden regions: 37->0(44)
[2025-05-23T16:32:23.955+0800][gc,heap     ] GC(0) Survivor regions: 0->7(7)
[2025-05-23T16:32:23.955+0800][gc,heap     ] GC(0) Old regions: 0->2
[2025-05-23T16:32:23.955+0800][gc,heap     ] GC(0) Archive regions: 0->0
[2025-05-23T16:32:23.955+0800][gc,heap     ] GC(0) Humongous regions: 0->0
[2025-05-23T16:32:23.955+0800][gc,metaspace] GC(0) Metaspace: 21359K(21504K)->21359K(21504K) NonClass: 18977K(19072K)->18977K(19072K) Class: 2382K(2432K)->2382K(2432K)
[2025-05-23T16:32:23.955+0800][gc          ] GC(0) Pause Young (Concurrent Start) (Metadata GC Threshold) 36M->8M(1024M) 21.419ms
[2025-05-23T16:32:23.955+0800][gc,cpu      ] GC(0) User=0.12s Sys=0.00s Real=0.02s
[2025-05-23T16:32:23.955+0800][gc          ] GC(1) Concurrent Mark Cycle
[2025-05-23T16:32:23.955+0800][gc,marking  ] GC(1) Concurrent Clear Claimed Marks
[2025-05-23T16:32:23.955+0800][gc,marking  ] GC(1) Concurrent Clear Claimed Marks 0.024ms
[2025-05-23T16:32:23.955+0800][gc,marking  ] GC(1) Concurrent Scan Root Regions
[2025-05-23T16:32:23.964+0800][gc,marking  ] GC(1) Concurrent Scan Root Regions 8.696ms
[2025-05-23T16:32:23.964+0800][gc,marking  ] GC(1) Concurrent Mark
[2025-05-23T16:32:23.964+0800][gc,marking  ] GC(1) Concurrent Mark From Roots
[2025-05-23T16:32:23.964+0800][gc,task     ] GC(1) Using 2 workers of 2 for marking
[2025-05-23T16:32:23.966+0800][gc,marking  ] GC(1) Concurrent Mark From Roots 2.148ms
[2025-05-23T16:32:23.966+0800][gc,marking  ] GC(1) Concurrent Preclean
[2025-05-23T16:32:23.966+0800][gc,marking  ] GC(1) Concurrent Preclean 0.193ms
[2025-05-23T16:32:23.969+0800][gc,start    ] GC(1) Pause Remark
[2025-05-23T16:32:23.976+0800][gc          ] GC(1) Pause Remark 9M->9M(1024M) 7.538ms
[2025-05-23T16:32:23.976+0800][gc,cpu      ] GC(1) User=0.01s Sys=0.01s Real=0.01s
[2025-05-23T16:32:23.977+0800][gc,marking  ] GC(1) Concurrent Mark 12.665ms
[2025-05-23T16:32:23.977+0800][gc,marking  ] GC(1) Concurrent Rebuild Remembered Sets
[2025-05-23T16:32:23.981+0800][gc,marking  ] GC(1) Concurrent Rebuild Remembered Sets 3.802ms
[2025-05-23T16:32:23.981+0800][gc,start    ] GC(1) Pause Cleanup
[2025-05-23T16:32:23.982+0800][gc          ] GC(1) Pause Cleanup 9M->9M(1024M) 0.813ms
[2025-05-23T16:32:23.982+0800][gc,cpu      ] GC(1) User=0.01s Sys=0.00s Real=0.00s
[2025-05-23T16:32:23.982+0800][gc,marking  ] GC(1) Concurrent Cleanup for Next Mark
[2025-05-23T16:32:23.989+0800][gc,marking  ] GC(1) Concurrent Cleanup for Next Mark 6.998ms
[2025-05-23T16:32:23.989+0800][gc          ] GC(1) Concurrent Mark Cycle 33.955ms
[2025-05-23T16:32:26.616+0800][gc,start    ] GC(2) Pause Young (Normal) (G1 Evacuation Pause)
[2025-05-23T16:32:26.616+0800][gc,task     ] GC(2) Using 8 workers of 8 for evacuation
[2025-05-23T16:32:26.639+0800][gc,mmu      ] GC(2) MMU target violated: 21.0ms (20.0ms/21.0ms)
[2025-05-23T16:32:26.639+0800][gc,phases   ] GC(2)   Pre Evacuate Collection Set: 0.4ms
[2025-05-23T16:32:26.639+0800][gc,phases   ] GC(2)   Merge Heap Roots: 1.9ms
[2025-05-23T16:32:26.639+0800][gc,phases   ] GC(2)   Evacuate Collection Set: 17.7ms
[2025-05-23T16:32:26.639+0800][gc,phases   ] GC(2)   Post Evacuate Collection Set: 2.3ms
[2025-05-23T16:32:26.639+0800][gc,phases   ] GC(2)   Other: 0.5ms
[2025-05-23T16:32:26.639+0800][gc,heap     ] GC(2) Eden regions: 44->0(48)
[2025-05-23T16:32:26.639+0800][gc,heap     ] GC(2) Survivor regions: 7->3(7)
[2025-05-23T16:32:26.639+0800][gc,heap     ] GC(2) Old regions: 2->9
[2025-05-23T16:32:26.639+0800][gc,heap     ] GC(2) Archive regions: 0->0
[2025-05-23T16:32:26.639+0800][gc,heap     ] GC(2) Humongous regions: 129->129
[2025-05-23T16:32:26.639+0800][gc,metaspace] GC(2) Metaspace: 33379K(33600K)->33379K(33600K) NonClass: 29737K(29824K)->29737K(29824K) Class: 3641K(3776K)->3641K(3776K)
[2025-05-23T16:32:26.639+0800][gc          ] GC(2) Pause Young (Normal) (G1 Evacuation Pause) 181M->139M(1024M) 23.142ms
[2025-05-23T16:32:26.639+0800][gc,cpu      ] GC(2) User=0.09s Sys=0.01s Real=0.03s
[2025-05-23T16:32:27.052+0800][gc,start    ] GC(3) Pause Young (Concurrent Start) (Metadata GC Threshold)
[2025-05-23T16:32:27.052+0800][gc,task     ] GC(3) Using 8 workers of 8 for evacuation
[2025-05-23T16:32:27.065+0800][gc,phases   ] GC(3)   Pre Evacuate Collection Set: 0.6ms
[2025-05-23T16:32:27.065+0800][gc,phases   ] GC(3)   Merge Heap Roots: 0.3ms
[2025-05-23T16:32:27.065+0800][gc,phases   ] GC(3)   Evacuate Collection Set: 9.2ms
[2025-05-23T16:32:27.065+0800][gc,phases   ] GC(3)   Post Evacuate Collection Set: 1.6ms
[2025-05-23T16:32:27.065+0800][gc,phases   ] GC(3)   Other: 0.7ms
[2025-05-23T16:32:27.065+0800][gc,heap     ] GC(3) Eden regions: 9->0(48)
[2025-05-23T16:32:27.065+0800][gc,heap     ] GC(3) Survivor regions: 3->3(7)
[2025-05-23T16:32:27.065+0800][gc,heap     ] GC(3) Old regions: 9->9
[2025-05-23T16:32:27.065+0800][gc,heap     ] GC(3) Archive regions: 0->0
[2025-05-23T16:32:27.065+0800][gc,heap     ] GC(3) Humongous regions: 129->129
[2025-05-23T16:32:27.065+0800][gc,metaspace] GC(3) Metaspace: 35923K(36160K)->35923K(36160K) NonClass: 32108K(32256K)->32108K(32256K) Class: 3814K(3904K)->3814K(3904K)
[2025-05-23T16:32:27.065+0800][gc          ] GC(3) Pause Young (Concurrent Start) (Metadata GC Threshold) 148M->139M(1024M) 13.031ms
[2025-05-23T16:32:27.066+0800][gc,cpu      ] GC(3) User=0.05s Sys=0.00s Real=0.01s
[2025-05-23T16:32:27.066+0800][gc          ] GC(4) Concurrent Mark Cycle
[2025-05-23T16:32:27.066+0800][gc,marking  ] GC(4) Concurrent Clear Claimed Marks
[2025-05-23T16:32:27.066+0800][gc,marking  ] GC(4) Concurrent Clear Claimed Marks 0.038ms
[2025-05-23T16:32:27.066+0800][gc,marking  ] GC(4) Concurrent Scan Root Regions
[2025-05-23T16:32:27.071+0800][gc,marking  ] GC(4) Concurrent Scan Root Regions 5.189ms
[2025-05-23T16:32:27.071+0800][gc,marking  ] GC(4) Concurrent Mark
[2025-05-23T16:32:27.071+0800][gc,marking  ] GC(4) Concurrent Mark From Roots
[2025-05-23T16:32:27.071+0800][gc,task     ] GC(4) Using 2 workers of 2 for marking
[2025-05-23T16:32:27.100+0800][gc,marking  ] GC(4) Concurrent Mark From Roots 29.182ms
[2025-05-23T16:32:27.100+0800][gc,marking  ] GC(4) Concurrent Preclean
[2025-05-23T16:32:27.101+0800][gc,marking  ] GC(4) Concurrent Preclean 0.586ms
[2025-05-23T16:32:27.101+0800][gc,start    ] GC(4) Pause Remark
[2025-05-23T16:32:27.107+0800][gc          ] GC(4) Pause Remark 140M->140M(1024M) 5.099ms
[2025-05-23T16:32:27.107+0800][gc,cpu      ] GC(4) User=0.02s Sys=0.01s Real=0.00s
[2025-05-23T16:32:27.107+0800][gc,marking  ] GC(4) Concurrent Mark 35.829ms
[2025-05-23T16:32:27.107+0800][gc,marking  ] GC(4) Concurrent Rebuild Remembered Sets
[2025-05-23T16:32:27.121+0800][gc,marking  ] GC(4) Concurrent Rebuild Remembered Sets 13.791ms
[2025-05-23T16:32:27.121+0800][gc,start    ] GC(4) Pause Cleanup
[2025-05-23T16:32:27.122+0800][gc          ] GC(4) Pause Cleanup 140M->140M(1024M) 0.927ms
[2025-05-23T16:32:27.122+0800][gc,cpu      ] GC(4) User=0.00s Sys=0.00s Real=0.00s
[2025-05-23T16:32:27.122+0800][gc,marking  ] GC(4) Concurrent Cleanup for Next Mark
[2025-05-23T16:32:27.134+0800][gc,marking  ] GC(4) Concurrent Cleanup for Next Mark 12.133ms
[2025-05-23T16:32:27.134+0800][gc          ] GC(4) Concurrent Mark Cycle 68.804ms
[2025-05-23T16:33:37.193+0800][gc,start    ] GC(5) Pause Young (Prepare Mixed) (G1 Evacuation Pause)
[2025-05-23T16:33:37.193+0800][gc,task     ] GC(5) Using 8 workers of 8 for evacuation
[2025-05-23T16:33:37.216+0800][gc,mmu      ] GC(5) MMU target violated: 21.0ms (20.0ms/21.0ms)
[2025-05-23T16:33:37.217+0800][gc,phases   ] GC(5)   Pre Evacuate Collection Set: 0.5ms
[2025-05-23T16:33:37.217+0800][gc,phases   ] GC(5)   Merge Heap Roots: 0.3ms
[2025-05-23T16:33:37.217+0800][gc,phases   ] GC(5)   Evacuate Collection Set: 19.3ms
[2025-05-23T16:33:37.217+0800][gc,phases   ] GC(5)   Post Evacuate Collection Set: 2.6ms
[2025-05-23T16:33:37.217+0800][gc,phases   ] GC(5)   Other: 0.7ms
[2025-05-23T16:33:37.217+0800][gc,heap     ] GC(5) Eden regions: 48->0(44)
[2025-05-23T16:33:37.217+0800][gc,heap     ] GC(5) Survivor regions: 3->7(7)
[2025-05-23T16:33:37.217+0800][gc,heap     ] GC(5) Old regions: 9->9
[2025-05-23T16:33:37.217+0800][gc,heap     ] GC(5) Archive regions: 0->0
[2025-05-23T16:33:37.217+0800][gc,heap     ] GC(5) Humongous regions: 129->129
[2025-05-23T16:33:37.217+0800][gc,metaspace] GC(5) Metaspace: 45423K(45760K)->45423K(45760K) NonClass: 40447K(40640K)->40447K(40640K) Class: 4975K(5120K)->4975K(5120K)
[2025-05-23T16:33:37.217+0800][gc          ] GC(5) Pause Young (Prepare Mixed) (G1 Evacuation Pause) 187M->144M(1024M) 23.630ms
[2025-05-23T16:33:37.217+0800][gc,cpu      ] GC(5) User=0.13s Sys=0.01s Real=0.02s
[2025-05-23T16:33:37.697+0800][gc,heap,exit] Heap
[2025-05-23T16:33:37.697+0800][gc,heap,exit]  garbage-first heap   total 1048576K, used 158372K [0x00000000c0000000, 0x0000000100000000)
[2025-05-23T16:33:37.697+0800][gc,heap,exit]   region size 1024K, 18 young (18432K), 7 survivors (7168K)
[2025-05-23T16:33:37.697+0800][gc,heap,exit]  Metaspace       used 46236K, committed 46528K, reserved 1114112K
[2025-05-23T16:33:37.697+0800][gc,heap,exit]   class space    used 5117K, committed 5248K, reserved 1048576K
