[2025-05-23T16:30:12.756+0800][gc] Using G1
[2025-05-23T16:30:12.771+0800][gc,init] Version: 17.0.15+0 (release)
[2025-05-23T16:30:12.771+0800][gc,init] CPUs: 8 total, 8 available
[2025-05-23T16:30:12.771+0800][gc,init] Memory: 3754M
[2025-05-23T16:30:12.771+0800][gc,init] Large Page Support: Disabled
[2025-05-23T16:30:12.771+0800][gc,init] NUMA Support: Disabled
[2025-05-23T16:30:12.771+0800][gc,init] Compressed Oops: Enabled (32-bit)
[2025-05-23T16:30:12.771+0800][gc,init] Heap Region Size: 1M
[2025-05-23T16:30:12.771+0800][gc,init] Heap Min Capacity: 1G
[2025-05-23T16:30:12.771+0800][gc,init] Heap Initial Capacity: 1G
[2025-05-23T16:30:12.771+0800][gc,init] Heap Max Capacity: 1G
[2025-05-23T16:30:12.771+0800][gc,init] Pre-touch: Disabled
[2025-05-23T16:30:12.771+0800][gc,init] Parallel Workers: 8
[2025-05-23T16:30:12.771+0800][gc,init] Concurrent Workers: 2
[2025-05-23T16:30:12.771+0800][gc,init] Concurrent Refinement Workers: 8
[2025-05-23T16:30:12.771+0800][gc,init] Periodic GC: Disabled
[2025-05-23T16:30:12.771+0800][gc,metaspace] CDS archive(s) not mapped
[2025-05-23T16:30:12.771+0800][gc,metaspace] Compressed class space mapped at: 0x0000000100000000-0x0000000140000000, reserved size: 1073741824
[2025-05-23T16:30:12.771+0800][gc,metaspace] Narrow klass base: 0x0000000000000000, Narrow klass shift: 3, Narrow klass range: 0x140000000
[2025-05-23T16:30:16.879+0800][gc,start    ] GC(0) Pause Young (Concurrent Start) (Metadata GC Threshold)
[2025-05-23T16:30:16.882+0800][gc,task     ] GC(0) Using 8 workers of 8 for evacuation
[2025-05-23T16:30:16.898+0800][gc,phases   ] GC(0)   Pre Evacuate Collection Set: 0.4ms
[2025-05-23T16:30:16.898+0800][gc,phases   ] GC(0)   Merge Heap Roots: 0.1ms
[2025-05-23T16:30:16.898+0800][gc,phases   ] GC(0)   Evacuate Collection Set: 13.3ms
[2025-05-23T16:30:16.898+0800][gc,phases   ] GC(0)   Post Evacuate Collection Set: 1.9ms
[2025-05-23T16:30:16.898+0800][gc,phases   ] GC(0)   Other: 3.8ms
[2025-05-23T16:30:16.899+0800][gc,heap     ] GC(0) Eden regions: 37->0(44)
[2025-05-23T16:30:16.899+0800][gc,heap     ] GC(0) Survivor regions: 0->7(7)
[2025-05-23T16:30:16.899+0800][gc,heap     ] GC(0) Old regions: 0->2
[2025-05-23T16:30:16.899+0800][gc,heap     ] GC(0) Archive regions: 0->0
[2025-05-23T16:30:16.899+0800][gc,heap     ] GC(0) Humongous regions: 0->0
[2025-05-23T16:30:16.899+0800][gc,metaspace] GC(0) Metaspace: 21391K(21504K)->21391K(21504K) NonClass: 19009K(19072K)->19009K(19072K) Class: 2382K(2432K)->2382K(2432K)
[2025-05-23T16:30:16.899+0800][gc          ] GC(0) Pause Young (Concurrent Start) (Metadata GC Threshold) 36M->8M(1024M) 19.793ms
[2025-05-23T16:30:16.899+0800][gc,cpu      ] GC(0) User=0.08s Sys=0.01s Real=0.02s
[2025-05-23T16:30:16.900+0800][gc          ] GC(1) Concurrent Mark Cycle
[2025-05-23T16:30:16.900+0800][gc,marking  ] GC(1) Concurrent Clear Claimed Marks
[2025-05-23T16:30:16.900+0800][gc,marking  ] GC(1) Concurrent Clear Claimed Marks 0.040ms
[2025-05-23T16:30:16.900+0800][gc,marking  ] GC(1) Concurrent Scan Root Regions
[2025-05-23T16:30:16.908+0800][gc,marking  ] GC(1) Concurrent Scan Root Regions 7.762ms
[2025-05-23T16:30:16.908+0800][gc,marking  ] GC(1) Concurrent Mark
[2025-05-23T16:30:16.908+0800][gc,marking  ] GC(1) Concurrent Mark From Roots
[2025-05-23T16:30:16.908+0800][gc,task     ] GC(1) Using 2 workers of 2 for marking
[2025-05-23T16:30:16.909+0800][gc,marking  ] GC(1) Concurrent Mark From Roots 1.070ms
[2025-05-23T16:30:16.909+0800][gc,marking  ] GC(1) Concurrent Preclean
[2025-05-23T16:30:16.909+0800][gc,marking  ] GC(1) Concurrent Preclean 0.188ms
[2025-05-23T16:30:16.911+0800][gc,start    ] GC(1) Pause Remark
[2025-05-23T16:30:16.916+0800][gc          ] GC(1) Pause Remark 9M->9M(1024M) 4.702ms
[2025-05-23T16:30:16.916+0800][gc,cpu      ] GC(1) User=0.01s Sys=0.00s Real=0.00s
[2025-05-23T16:30:16.917+0800][gc,marking  ] GC(1) Concurrent Mark 8.662ms
[2025-05-23T16:30:16.917+0800][gc,marking  ] GC(1) Concurrent Rebuild Remembered Sets
[2025-05-23T16:30:16.920+0800][gc,marking  ] GC(1) Concurrent Rebuild Remembered Sets 3.712ms
[2025-05-23T16:30:16.921+0800][gc,start    ] GC(1) Pause Cleanup
[2025-05-23T16:30:16.921+0800][gc          ] GC(1) Pause Cleanup 9M->9M(1024M) 0.462ms
[2025-05-23T16:30:16.921+0800][gc,cpu      ] GC(1) User=0.00s Sys=0.00s Real=0.00s
[2025-05-23T16:30:16.921+0800][gc,marking  ] GC(1) Concurrent Cleanup for Next Mark
[2025-05-23T16:30:16.932+0800][gc,marking  ] GC(1) Concurrent Cleanup for Next Mark 10.673ms
[2025-05-23T16:30:16.932+0800][gc          ] GC(1) Concurrent Mark Cycle 32.261ms
[2025-05-23T16:30:20.232+0800][gc,start    ] GC(2) Pause Young (Normal) (G1 Evacuation Pause)
[2025-05-23T16:30:20.232+0800][gc,task     ] GC(2) Using 8 workers of 8 for evacuation
[2025-05-23T16:30:20.251+0800][gc,phases   ] GC(2)   Pre Evacuate Collection Set: 0.4ms
[2025-05-23T16:30:20.252+0800][gc,phases   ] GC(2)   Merge Heap Roots: 0.3ms
[2025-05-23T16:30:20.252+0800][gc,phases   ] GC(2)   Evacuate Collection Set: 15.5ms
[2025-05-23T16:30:20.252+0800][gc,phases   ] GC(2)   Post Evacuate Collection Set: 2.8ms
[2025-05-23T16:30:20.252+0800][gc,phases   ] GC(2)   Other: 0.6ms
[2025-05-23T16:30:20.252+0800][gc,heap     ] GC(2) Eden regions: 44->0(48)
[2025-05-23T16:30:20.252+0800][gc,heap     ] GC(2) Survivor regions: 7->3(7)
[2025-05-23T16:30:20.252+0800][gc,heap     ] GC(2) Old regions: 2->8
[2025-05-23T16:30:20.252+0800][gc,heap     ] GC(2) Archive regions: 0->0
[2025-05-23T16:30:20.252+0800][gc,heap     ] GC(2) Humongous regions: 129->129
[2025-05-23T16:30:20.252+0800][gc,metaspace] GC(2) Metaspace: 33602K(33856K)->33602K(33856K) NonClass: 29963K(30144K)->29963K(30144K) Class: 3639K(3712K)->3639K(3712K)
[2025-05-23T16:30:20.252+0800][gc          ] GC(2) Pause Young (Normal) (G1 Evacuation Pause) 181M->139M(1024M) 19.921ms
[2025-05-23T16:30:20.252+0800][gc,cpu      ] GC(2) User=0.09s Sys=0.01s Real=0.02s
[2025-05-23T16:30:20.557+0800][gc,start    ] GC(3) Pause Young (Concurrent Start) (Metadata GC Threshold)
[2025-05-23T16:30:20.557+0800][gc,task     ] GC(3) Using 8 workers of 8 for evacuation
[2025-05-23T16:30:20.569+0800][gc,phases   ] GC(3)   Pre Evacuate Collection Set: 0.4ms
[2025-05-23T16:30:20.569+0800][gc,phases   ] GC(3)   Merge Heap Roots: 0.3ms
[2025-05-23T16:30:20.569+0800][gc,phases   ] GC(3)   Evacuate Collection Set: 9.6ms
[2025-05-23T16:30:20.569+0800][gc,phases   ] GC(3)   Post Evacuate Collection Set: 1.4ms
[2025-05-23T16:30:20.569+0800][gc,phases   ] GC(3)   Other: 0.5ms
[2025-05-23T16:30:20.569+0800][gc,heap     ] GC(3) Eden regions: 8->0(47)
[2025-05-23T16:30:20.569+0800][gc,heap     ] GC(3) Survivor regions: 3->4(7)
[2025-05-23T16:30:20.569+0800][gc,heap     ] GC(3) Old regions: 8->8
[2025-05-23T16:30:20.569+0800][gc,heap     ] GC(3) Archive regions: 0->0
[2025-05-23T16:30:20.569+0800][gc,heap     ] GC(3) Humongous regions: 129->129
[2025-05-23T16:30:20.569+0800][gc,metaspace] GC(3) Metaspace: 35924K(36160K)->35924K(36160K) NonClass: 32131K(32256K)->32131K(32256K) Class: 3793K(3904K)->3793K(3904K)
[2025-05-23T16:30:20.569+0800][gc          ] GC(3) Pause Young (Concurrent Start) (Metadata GC Threshold) 147M->140M(1024M) 12.503ms
[2025-05-23T16:30:20.569+0800][gc,cpu      ] GC(3) User=0.05s Sys=0.00s Real=0.01s
[2025-05-23T16:30:20.569+0800][gc          ] GC(4) Concurrent Mark Cycle
[2025-05-23T16:30:20.569+0800][gc,marking  ] GC(4) Concurrent Clear Claimed Marks
[2025-05-23T16:30:20.569+0800][gc,marking  ] GC(4) Concurrent Clear Claimed Marks 0.044ms
[2025-05-23T16:30:20.569+0800][gc,marking  ] GC(4) Concurrent Scan Root Regions
[2025-05-23T16:30:20.575+0800][gc,marking  ] GC(4) Concurrent Scan Root Regions 5.911ms
[2025-05-23T16:30:20.575+0800][gc,marking  ] GC(4) Concurrent Mark
[2025-05-23T16:30:20.575+0800][gc,marking  ] GC(4) Concurrent Mark From Roots
[2025-05-23T16:30:20.575+0800][gc,task     ] GC(4) Using 2 workers of 2 for marking
[2025-05-23T16:30:20.612+0800][gc,marking  ] GC(4) Concurrent Mark From Roots 36.381ms
[2025-05-23T16:30:20.612+0800][gc,marking  ] GC(4) Concurrent Preclean
[2025-05-23T16:30:20.613+0800][gc,marking  ] GC(4) Concurrent Preclean 0.624ms
[2025-05-23T16:30:20.613+0800][gc,start    ] GC(4) Pause Remark
[2025-05-23T16:30:20.619+0800][gc          ] GC(4) Pause Remark 141M->141M(1024M) 5.737ms
[2025-05-23T16:30:20.619+0800][gc,cpu      ] GC(4) User=0.02s Sys=0.00s Real=0.01s
[2025-05-23T16:30:20.619+0800][gc,marking  ] GC(4) Concurrent Mark 43.797ms
[2025-05-23T16:30:20.619+0800][gc,marking  ] GC(4) Concurrent Rebuild Remembered Sets
[2025-05-23T16:30:20.619+0800][gc,marking  ] GC(4) Concurrent Rebuild Remembered Sets 0.077ms
[2025-05-23T16:30:20.620+0800][gc,start    ] GC(4) Pause Cleanup
[2025-05-23T16:30:20.620+0800][gc          ] GC(4) Pause Cleanup 141M->141M(1024M) 0.035ms
[2025-05-23T16:30:20.620+0800][gc,cpu      ] GC(4) User=0.00s Sys=0.00s Real=0.00s
[2025-05-23T16:30:20.620+0800][gc,marking  ] GC(4) Concurrent Cleanup for Next Mark
[2025-05-23T16:30:20.628+0800][gc,marking  ] GC(4) Concurrent Cleanup for Next Mark 8.185ms
[2025-05-23T16:30:20.628+0800][gc          ] GC(4) Concurrent Mark Cycle 58.999ms
[2025-05-23T16:30:34.374+0800][gc,start    ] GC(5) Pause Young (Normal) (G1 Evacuation Pause)
[2025-05-23T16:30:34.374+0800][gc,task     ] GC(5) Using 8 workers of 8 for evacuation
[2025-05-23T16:30:34.408+0800][gc,mmu      ] GC(5) MMU target violated: 21.0ms (20.0ms/21.0ms)
[2025-05-23T16:30:34.408+0800][gc,phases   ] GC(5)   Pre Evacuate Collection Set: 0.5ms
[2025-05-23T16:30:34.408+0800][gc,phases   ] GC(5)   Merge Heap Roots: 0.3ms
[2025-05-23T16:30:34.408+0800][gc,phases   ] GC(5)   Evacuate Collection Set: 29.3ms
[2025-05-23T16:30:34.408+0800][gc,phases   ] GC(5)   Post Evacuate Collection Set: 3.3ms
[2025-05-23T16:30:34.408+0800][gc,phases   ] GC(5)   Other: 0.6ms
[2025-05-23T16:30:34.408+0800][gc,heap     ] GC(5) Eden regions: 47->0(44)
[2025-05-23T16:30:34.408+0800][gc,heap     ] GC(5) Survivor regions: 4->7(7)
[2025-05-23T16:30:34.408+0800][gc,heap     ] GC(5) Old regions: 8->9
[2025-05-23T16:30:34.409+0800][gc,heap     ] GC(5) Archive regions: 0->0
[2025-05-23T16:30:34.409+0800][gc,heap     ] GC(5) Humongous regions: 129->129
[2025-05-23T16:30:34.409+0800][gc,metaspace] GC(5) Metaspace: 45231K(45568K)->45231K(45568K) NonClass: 40316K(40512K)->40316K(40512K) Class: 4915K(5056K)->4915K(5056K)
[2025-05-23T16:30:34.409+0800][gc          ] GC(5) Pause Young (Normal) (G1 Evacuation Pause) 187M->144M(1024M) 34.279ms
[2025-05-23T16:30:34.409+0800][gc,cpu      ] GC(5) User=0.13s Sys=0.00s Real=0.03s
[2025-05-23T16:31:47.864+0800][gc,heap,exit] Heap
[2025-05-23T16:31:47.882+0800][gc,heap,exit]  garbage-first heap   total 1048576K, used 163103K [0x00000000c0000000, 0x0000000100000000)
[2025-05-23T16:31:47.882+0800][gc,heap,exit]   region size 1024K, 22 young (22528K), 7 survivors (7168K)
[2025-05-23T16:31:47.882+0800][gc,heap,exit]  Metaspace       used 46605K, committed 46976K, reserved 1114112K
[2025-05-23T16:31:47.882+0800][gc,heap,exit]   class space    used 5149K, committed 5312K, reserved 1048576K
