[2025-05-23T16:50:52.909+0800][gc] Using G1
[2025-05-23T16:50:52.926+0800][gc,init] Version: 17.0.15+0 (release)
[2025-05-23T16:50:52.926+0800][gc,init] CPUs: 8 total, 8 available
[2025-05-23T16:50:52.926+0800][gc,init] Memory: 3754M
[2025-05-23T16:50:52.926+0800][gc,init] Large Page Support: Disabled
[2025-05-23T16:50:52.926+0800][gc,init] NUMA Support: Disabled
[2025-05-23T16:50:52.926+0800][gc,init] Compressed Oops: Enabled (32-bit)
[2025-05-23T16:50:52.926+0800][gc,init] Heap Region Size: 1M
[2025-05-23T16:50:52.926+0800][gc,init] Heap Min Capacity: 1G
[2025-05-23T16:50:52.926+0800][gc,init] Heap Initial Capacity: 1G
[2025-05-23T16:50:52.926+0800][gc,init] Heap Max Capacity: 1G
[2025-05-23T16:50:52.926+0800][gc,init] Pre-touch: Disabled
[2025-05-23T16:50:52.926+0800][gc,init] Parallel Workers: 8
[2025-05-23T16:50:52.926+0800][gc,init] Concurrent Workers: 2
[2025-05-23T16:50:52.926+0800][gc,init] Concurrent Refinement Workers: 8
[2025-05-23T16:50:52.926+0800][gc,init] Periodic GC: Disabled
[2025-05-23T16:50:52.927+0800][gc,metaspace] CDS archive(s) not mapped
[2025-05-23T16:50:52.927+0800][gc,metaspace] Compressed class space mapped at: 0x0000000100000000-0x0000000140000000, reserved size: 1073741824
[2025-05-23T16:50:52.927+0800][gc,metaspace] Narrow klass base: 0x0000000000000000, Narrow klass shift: 3, Narrow klass range: 0x140000000
[2025-05-23T16:50:55.493+0800][gc,heap,exit] Heap
[2025-05-23T16:50:55.493+0800][gc,heap,exit]  garbage-first heap   total 1048576K, used 26112K [0x00000000c0000000, 0x0000000100000000)
[2025-05-23T16:50:55.493+0800][gc,heap,exit]   region size 1024K, 26 young (26624K), 0 survivors (0K)
[2025-05-23T16:50:55.493+0800][gc,heap,exit]  Metaspace       used 17465K, committed 17664K, reserved 1114112K
[2025-05-23T16:50:55.493+0800][gc,heap,exit]   class space    used 1847K, committed 1984K, reserved 1048576K
