[2025-05-23T16:36:10.416+0800][gc] Using G1
[2025-05-23T16:36:10.430+0800][gc,init] Version: 17.0.15+0 (release)
[2025-05-23T16:36:10.430+0800][gc,init] CPUs: 8 total, 8 available
[2025-05-23T16:36:10.431+0800][gc,init] Memory: 3754M
[2025-05-23T16:36:10.431+0800][gc,init] Large Page Support: Disabled
[2025-05-23T16:36:10.431+0800][gc,init] NUMA Support: Disabled
[2025-05-23T16:36:10.431+0800][gc,init] Compressed Oops: Enabled (32-bit)
[2025-05-23T16:36:10.431+0800][gc,init] Heap Region Size: 1M
[2025-05-23T16:36:10.431+0800][gc,init] Heap Min Capacity: 1G
[2025-05-23T16:36:10.431+0800][gc,init] Heap Initial Capacity: 1G
[2025-05-23T16:36:10.431+0800][gc,init] Heap Max Capacity: 1G
[2025-05-23T16:36:10.431+0800][gc,init] Pre-touch: Disabled
[2025-05-23T16:36:10.431+0800][gc,init] Parallel Workers: 8
[2025-05-23T16:36:10.431+0800][gc,init] Concurrent Workers: 2
[2025-05-23T16:36:10.431+0800][gc,init] Concurrent Refinement Workers: 8
[2025-05-23T16:36:10.431+0800][gc,init] Periodic GC: Disabled
[2025-05-23T16:36:10.431+0800][gc,metaspace] CDS archive(s) not mapped
[2025-05-23T16:36:10.431+0800][gc,metaspace] Compressed class space mapped at: 0x0000000100000000-0x0000000140000000, reserved size: 1073741824
[2025-05-23T16:36:10.431+0800][gc,metaspace] Narrow klass base: 0x0000000000000000, Narrow klass shift: 3, Narrow klass range: 0x140000000
[2025-05-23T16:36:13.707+0800][gc,start    ] GC(0) Pause Young (Concurrent Start) (Metadata GC Threshold)
[2025-05-23T16:36:13.715+0800][gc,task     ] GC(0) Using 8 workers of 8 for evacuation
[2025-05-23T16:36:13.735+0800][gc,phases   ] GC(0)   Pre Evacuate Collection Set: 0.5ms
[2025-05-23T16:36:13.735+0800][gc,phases   ] GC(0)   Merge Heap Roots: 0.5ms
[2025-05-23T16:36:13.735+0800][gc,phases   ] GC(0)   Evacuate Collection Set: 15.2ms
[2025-05-23T16:36:13.735+0800][gc,phases   ] GC(0)   Post Evacuate Collection Set: 3.2ms
[2025-05-23T16:36:13.735+0800][gc,phases   ] GC(0)   Other: 8.7ms
[2025-05-23T16:36:13.735+0800][gc,heap     ] GC(0) Eden regions: 37->0(44)
[2025-05-23T16:36:13.735+0800][gc,heap     ] GC(0) Survivor regions: 0->7(7)
[2025-05-23T16:36:13.735+0800][gc,heap     ] GC(0) Old regions: 0->1
[2025-05-23T16:36:13.735+0800][gc,heap     ] GC(0) Archive regions: 0->0
[2025-05-23T16:36:13.735+0800][gc,heap     ] GC(0) Humongous regions: 0->0
[2025-05-23T16:36:13.735+0800][gc,metaspace] GC(0) Metaspace: 21370K(21504K)->21370K(21504K) NonClass: 18987K(19072K)->18987K(19072K) Class: 2382K(2432K)->2382K(2432K)
[2025-05-23T16:36:13.735+0800][gc          ] GC(0) Pause Young (Concurrent Start) (Metadata GC Threshold) 37M->7M(1024M) 28.648ms
[2025-05-23T16:36:13.736+0800][gc,cpu      ] GC(0) User=0.11s Sys=0.01s Real=0.03s
[2025-05-23T16:36:13.736+0800][gc          ] GC(1) Concurrent Mark Cycle
[2025-05-23T16:36:13.736+0800][gc,marking  ] GC(1) Concurrent Clear Claimed Marks
[2025-05-23T16:36:13.736+0800][gc,marking  ] GC(1) Concurrent Clear Claimed Marks 0.026ms
[2025-05-23T16:36:13.736+0800][gc,marking  ] GC(1) Concurrent Scan Root Regions
[2025-05-23T16:36:13.745+0800][gc,marking  ] GC(1) Concurrent Scan Root Regions 9.193ms
[2025-05-23T16:36:13.745+0800][gc,marking  ] GC(1) Concurrent Mark
[2025-05-23T16:36:13.745+0800][gc,marking  ] GC(1) Concurrent Mark From Roots
[2025-05-23T16:36:13.745+0800][gc,task     ] GC(1) Using 2 workers of 2 for marking
[2025-05-23T16:36:13.746+0800][gc,marking  ] GC(1) Concurrent Mark From Roots 0.653ms
[2025-05-23T16:36:13.746+0800][gc,marking  ] GC(1) Concurrent Preclean
[2025-05-23T16:36:13.746+0800][gc,marking  ] GC(1) Concurrent Preclean 0.108ms
[2025-05-23T16:36:13.748+0800][gc,start    ] GC(1) Pause Remark
[2025-05-23T16:36:13.755+0800][gc          ] GC(1) Pause Remark 8M->8M(1024M) 6.672ms
[2025-05-23T16:36:13.755+0800][gc,cpu      ] GC(1) User=0.02s Sys=0.00s Real=0.01s
[2025-05-23T16:36:13.755+0800][gc,marking  ] GC(1) Concurrent Mark 10.319ms
[2025-05-23T16:36:13.755+0800][gc,marking  ] GC(1) Concurrent Rebuild Remembered Sets
[2025-05-23T16:36:13.755+0800][gc,marking  ] GC(1) Concurrent Rebuild Remembered Sets 0.025ms
[2025-05-23T16:36:13.756+0800][gc,start    ] GC(1) Pause Cleanup
[2025-05-23T16:36:13.756+0800][gc          ] GC(1) Pause Cleanup 8M->8M(1024M) 0.153ms
[2025-05-23T16:36:13.756+0800][gc,cpu      ] GC(1) User=0.00s Sys=0.00s Real=0.00s
[2025-05-23T16:36:13.756+0800][gc,marking  ] GC(1) Concurrent Cleanup for Next Mark
[2025-05-23T16:36:13.765+0800][gc,marking  ] GC(1) Concurrent Cleanup for Next Mark 8.482ms
[2025-05-23T16:36:13.765+0800][gc          ] GC(1) Concurrent Mark Cycle 29.196ms
[2025-05-23T16:36:16.396+0800][gc,start    ] GC(2) Pause Young (Normal) (G1 Evacuation Pause)
[2025-05-23T16:36:16.397+0800][gc,task     ] GC(2) Using 8 workers of 8 for evacuation
[2025-05-23T16:36:16.418+0800][gc,mmu      ] GC(2) MMU target violated: 20.9ms (20.0ms/21.0ms)
[2025-05-23T16:36:16.418+0800][gc,phases   ] GC(2)   Pre Evacuate Collection Set: 0.4ms
[2025-05-23T16:36:16.418+0800][gc,phases   ] GC(2)   Merge Heap Roots: 0.3ms
[2025-05-23T16:36:16.418+0800][gc,phases   ] GC(2)   Evacuate Collection Set: 18.2ms
[2025-05-23T16:36:16.418+0800][gc,phases   ] GC(2)   Post Evacuate Collection Set: 1.9ms
[2025-05-23T16:36:16.418+0800][gc,phases   ] GC(2)   Other: 0.6ms
[2025-05-23T16:36:16.418+0800][gc,heap     ] GC(2) Eden regions: 44->0(48)
[2025-05-23T16:36:16.418+0800][gc,heap     ] GC(2) Survivor regions: 7->3(7)
[2025-05-23T16:36:16.418+0800][gc,heap     ] GC(2) Old regions: 1->8
[2025-05-23T16:36:16.418+0800][gc,heap     ] GC(2) Archive regions: 0->0
[2025-05-23T16:36:16.418+0800][gc,heap     ] GC(2) Humongous regions: 129->129
[2025-05-23T16:36:16.418+0800][gc,metaspace] GC(2) Metaspace: 33360K(33600K)->33360K(33600K) NonClass: 29720K(29824K)->29720K(29824K) Class: 3640K(3776K)->3640K(3776K)
[2025-05-23T16:36:16.418+0800][gc          ] GC(2) Pause Young (Normal) (G1 Evacuation Pause) 180M->139M(1024M) 21.496ms
[2025-05-23T16:36:16.418+0800][gc,cpu      ] GC(2) User=0.11s Sys=0.01s Real=0.02s
[2025-05-23T16:36:16.755+0800][gc,start    ] GC(3) Pause Young (Concurrent Start) (Metadata GC Threshold)
[2025-05-23T16:36:16.755+0800][gc,task     ] GC(3) Using 8 workers of 8 for evacuation
[2025-05-23T16:36:16.766+0800][gc,phases   ] GC(3)   Pre Evacuate Collection Set: 0.6ms
[2025-05-23T16:36:16.766+0800][gc,phases   ] GC(3)   Merge Heap Roots: 0.1ms
[2025-05-23T16:36:16.766+0800][gc,phases   ] GC(3)   Evacuate Collection Set: 7.2ms
[2025-05-23T16:36:16.766+0800][gc,phases   ] GC(3)   Post Evacuate Collection Set: 2.7ms
[2025-05-23T16:36:16.766+0800][gc,phases   ] GC(3)   Other: 0.5ms
[2025-05-23T16:36:16.767+0800][gc,heap     ] GC(3) Eden regions: 9->0(48)
[2025-05-23T16:36:16.767+0800][gc,heap     ] GC(3) Survivor regions: 3->3(7)
[2025-05-23T16:36:16.767+0800][gc,heap     ] GC(3) Old regions: 8->8
[2025-05-23T16:36:16.767+0800][gc,heap     ] GC(3) Archive regions: 0->0
[2025-05-23T16:36:16.767+0800][gc,heap     ] GC(3) Humongous regions: 129->129
[2025-05-23T16:36:16.767+0800][gc,metaspace] GC(3) Metaspace: 35868K(36096K)->35868K(36096K) NonClass: 32059K(32192K)->32059K(32192K) Class: 3808K(3904K)->3808K(3904K)
[2025-05-23T16:36:16.767+0800][gc          ] GC(3) Pause Young (Concurrent Start) (Metadata GC Threshold) 148M->139M(1024M) 11.513ms
[2025-05-23T16:36:16.767+0800][gc,cpu      ] GC(3) User=0.05s Sys=0.00s Real=0.01s
[2025-05-23T16:36:16.767+0800][gc          ] GC(4) Concurrent Mark Cycle
[2025-05-23T16:36:16.767+0800][gc,marking  ] GC(4) Concurrent Clear Claimed Marks
[2025-05-23T16:36:16.767+0800][gc,marking  ] GC(4) Concurrent Clear Claimed Marks 0.045ms
[2025-05-23T16:36:16.767+0800][gc,marking  ] GC(4) Concurrent Scan Root Regions
[2025-05-23T16:36:16.774+0800][gc,marking  ] GC(4) Concurrent Scan Root Regions 7.012ms
[2025-05-23T16:36:16.774+0800][gc,marking  ] GC(4) Concurrent Mark
[2025-05-23T16:36:16.774+0800][gc,marking  ] GC(4) Concurrent Mark From Roots
[2025-05-23T16:36:16.774+0800][gc,task     ] GC(4) Using 2 workers of 2 for marking
[2025-05-23T16:36:16.804+0800][gc,marking  ] GC(4) Concurrent Mark From Roots 29.147ms
[2025-05-23T16:36:16.804+0800][gc,marking  ] GC(4) Concurrent Preclean
[2025-05-23T16:36:16.804+0800][gc,marking  ] GC(4) Concurrent Preclean 0.490ms
[2025-05-23T16:36:16.805+0800][gc,start    ] GC(4) Pause Remark
[2025-05-23T16:36:16.810+0800][gc          ] GC(4) Pause Remark 140M->140M(1024M) 5.167ms
[2025-05-23T16:36:16.810+0800][gc,cpu      ] GC(4) User=0.02s Sys=0.00s Real=0.00s
[2025-05-23T16:36:16.810+0800][gc,marking  ] GC(4) Concurrent Mark 35.781ms
[2025-05-23T16:36:16.810+0800][gc,marking  ] GC(4) Concurrent Rebuild Remembered Sets
[2025-05-23T16:36:16.829+0800][gc,marking  ] GC(4) Concurrent Rebuild Remembered Sets 18.863ms
[2025-05-23T16:36:16.830+0800][gc,start    ] GC(4) Pause Cleanup
[2025-05-23T16:36:16.830+0800][gc          ] GC(4) Pause Cleanup 140M->140M(1024M) 0.752ms
[2025-05-23T16:36:16.831+0800][gc,cpu      ] GC(4) User=0.00s Sys=0.01s Real=0.01s
[2025-05-23T16:36:16.831+0800][gc,marking  ] GC(4) Concurrent Cleanup for Next Mark
[2025-05-23T16:36:16.842+0800][gc,marking  ] GC(4) Concurrent Cleanup for Next Mark 11.117ms
[2025-05-23T16:36:16.842+0800][gc          ] GC(4) Concurrent Mark Cycle 75.016ms
