[2025-05-23T16:18:56.553+0800][gc] Using G1
[2025-05-23T16:18:56.564+0800][gc,init] Version: 17.0.15+0 (release)
[2025-05-23T16:18:56.564+0800][gc,init] CPUs: 8 total, 8 available
[2025-05-23T16:18:56.564+0800][gc,init] Memory: 3754M
[2025-05-23T16:18:56.564+0800][gc,init] Large Page Support: Disabled
[2025-05-23T16:18:56.564+0800][gc,init] NUMA Support: Disabled
[2025-05-23T16:18:56.564+0800][gc,init] Compressed Oops: Enabled (32-bit)
[2025-05-23T16:18:56.564+0800][gc,init] Heap Region Size: 1M
[2025-05-23T16:18:56.564+0800][gc,init] Heap Min Capacity: 512M
[2025-05-23T16:18:56.564+0800][gc,init] Heap Initial Capacity: 512M
[2025-05-23T16:18:56.564+0800][gc,init] Heap Max Capacity: 512M
[2025-05-23T16:18:56.564+0800][gc,init] Pre-touch: Disabled
[2025-05-23T16:18:56.564+0800][gc,init] Parallel Workers: 8
[2025-05-23T16:18:56.564+0800][gc,init] Concurrent Workers: 2
[2025-05-23T16:18:56.564+0800][gc,init] Concurrent Refinement Workers: 8
[2025-05-23T16:18:56.565+0800][gc,init] Periodic GC: Disabled
[2025-05-23T16:18:56.565+0800][gc,metaspace] CDS archive(s) not mapped
[2025-05-23T16:18:56.565+0800][gc,metaspace] Compressed class space mapped at: 0x0000000100000000-0x0000000140000000, reserved size: 1073741824
[2025-05-23T16:18:56.565+0800][gc,metaspace] Narrow klass base: 0x0000000000000000, Narrow klass shift: 3, Narrow klass range: 0x140000000
[2025-05-23T16:18:58.837+0800][gc,heap,exit] Heap
[2025-05-23T16:18:58.837+0800][gc,heap,exit]  garbage-first heap   total 524288K, used 18432K [0x00000000e0000000, 0x0000000100000000)
[2025-05-23T16:18:58.837+0800][gc,heap,exit]   region size 1024K, 18 young (18432K), 0 survivors (0K)
[2025-05-23T16:18:58.837+0800][gc,heap,exit]  Metaspace       used 14571K, committed 14720K, reserved 1114112K
[2025-05-23T16:18:58.837+0800][gc,heap,exit]   class space    used 1441K, committed 1536K, reserved 1048576K
