[2025-05-23T16:20:42.746+0800][gc] Using G1
[2025-05-23T16:20:42.754+0800][gc,init] Version: 17.0.15+0 (release)
[2025-05-23T16:20:42.754+0800][gc,init] CPUs: 8 total, 8 available
[2025-05-23T16:20:42.754+0800][gc,init] Memory: 3754M
[2025-05-23T16:20:42.754+0800][gc,init] Large Page Support: Disabled
[2025-05-23T16:20:42.754+0800][gc,init] NUMA Support: Disabled
[2025-05-23T16:20:42.754+0800][gc,init] Compressed Oops: Enabled (32-bit)
[2025-05-23T16:20:42.754+0800][gc,init] Heap Region Size: 1M
[2025-05-23T16:20:42.754+0800][gc,init] Heap Min Capacity: 512M
[2025-05-23T16:20:42.754+0800][gc,init] Heap Initial Capacity: 512M
[2025-05-23T16:20:42.754+0800][gc,init] Heap Max Capacity: 512M
[2025-05-23T16:20:42.754+0800][gc,init] Pre-touch: Disabled
[2025-05-23T16:20:42.754+0800][gc,init] Parallel Workers: 8
[2025-05-23T16:20:42.754+0800][gc,init] Concurrent Workers: 2
[2025-05-23T16:20:42.755+0800][gc,init] Concurrent Refinement Workers: 8
[2025-05-23T16:20:42.755+0800][gc,init] Periodic GC: Disabled
[2025-05-23T16:20:42.755+0800][gc,metaspace] CDS archive(s) not mapped
[2025-05-23T16:20:42.755+0800][gc,metaspace] Compressed class space mapped at: 0x0000000100000000-0x0000000140000000, reserved size: 1073741824
[2025-05-23T16:20:42.755+0800][gc,metaspace] Narrow klass base: 0x0000000000000000, Narrow klass shift: 3, Narrow klass range: 0x140000000
[2025-05-23T16:20:46.208+0800][gc,start    ] GC(0) Pause Young (Normal) (G1 Evacuation Pause)
[2025-05-23T16:20:46.213+0800][gc,task     ] GC(0) Using 8 workers of 8 for evacuation
[2025-05-23T16:20:46.228+0800][gc,phases   ] GC(0)   Pre Evacuate Collection Set: 0.2ms
[2025-05-23T16:20:46.228+0800][gc,phases   ] GC(0)   Merge Heap Roots: 0.1ms
[2025-05-23T16:20:46.228+0800][gc,phases   ] GC(0)   Evacuate Collection Set: 12.0ms
[2025-05-23T16:20:46.228+0800][gc,phases   ] GC(0)   Post Evacuate Collection Set: 2.0ms
[2025-05-23T16:20:46.228+0800][gc,phases   ] GC(0)   Other: 5.5ms
[2025-05-23T16:20:46.228+0800][gc,heap     ] GC(0) Eden regions: 25->0(21)
[2025-05-23T16:20:46.228+0800][gc,heap     ] GC(0) Survivor regions: 0->4(4)
[2025-05-23T16:20:46.228+0800][gc,heap     ] GC(0) Old regions: 0->5
[2025-05-23T16:20:46.228+0800][gc,heap     ] GC(0) Archive regions: 0->0
[2025-05-23T16:20:46.228+0800][gc,heap     ] GC(0) Humongous regions: 0->0
[2025-05-23T16:20:46.228+0800][gc,metaspace] GC(0) Metaspace: 16095K(16320K)->16095K(16320K) NonClass: 14484K(14592K)->14484K(14592K) Class: 1611K(1728K)->1611K(1728K)
[2025-05-23T16:20:46.228+0800][gc          ] GC(0) Pause Young (Normal) (G1 Evacuation Pause) 24M->8M(512M) 20.079ms
[2025-05-23T16:20:46.228+0800][gc,cpu      ] GC(0) User=0.06s Sys=0.02s Real=0.02s
[2025-05-23T16:31:02.471+0800][gc,heap,exit] Heap
[2025-05-23T16:31:02.472+0800][gc,heap,exit]  garbage-first heap   total 524288K, used 14734K [0x00000000e0000000, 0x0000000100000000)
[2025-05-23T16:31:02.472+0800][gc,heap,exit]   region size 1024K, 11 young (11264K), 4 survivors (4096K)
[2025-05-23T16:31:02.472+0800][gc,heap,exit]  Metaspace       used 16961K, committed 17152K, reserved 1114112K
[2025-05-23T16:31:02.472+0800][gc,heap,exit]   class space    used 1688K, committed 1792K, reserved 1048576K
